#
# There is insufficient memory for the Java Runtime Environment to continue.
# Native memory allocation (malloc) failed to allocate 2495696 bytes. Error detail: Chunk::new
# Possible reasons:
#   The system is out of physical RAM or swap space
#   This process is running with CompressedOops enabled, and the Java Heap may be blocking the growth of the native heap
# Possible solutions:
#   Reduce memory load on the system
#   Increase physical memory or swap space
#   Check if swap backing store is full
#   Decrease Java heap size (-Xmx/-Xms)
#   Decrease number of Java threads
#   Decrease Java thread stack sizes (-Xss)
#   Set larger code cache with -XX:ReservedCodeCacheSize=
#   JVM is running with Unscaled Compressed Oops mode in which the Java heap is
#     placed in the first 4GB address space. The Java Heap base address is the
#     maximum limit for the native heap growth. Please use -XX:HeapBaseMinAddress
#     to set the Java Heap base and to place the Java Heap above 4GB virtual address.
# This output file may be truncated or incomplete.
#
#  Out of Memory Error (arena.cpp:168), pid=30288, tid=6908
#
# JRE version: OpenJDK Runtime Environment Temurin-21.0.9+10 (21.0.9+10) (build 21.0.9+10-LTS)
# Java VM: OpenJDK 64-Bit Server VM Temurin-21.0.9+10 (21.0.9+10-LTS, mixed mode, sharing, tiered, compressed oops, compressed class ptrs, parallel gc, windows-amd64)
# No core dump will be written. Minidumps are not enabled by default on client versions of Windows
#

---------------  S U M M A R Y ------------

Command Line: --add-modules=ALL-SYSTEM --add-opens=java.base/java.util=ALL-UNNAMED --add-opens=java.base/java.lang=ALL-UNNAMED --add-opens=java.base/sun.nio.fs=ALL-UNNAMED -Declipse.application=org.eclipse.jdt.ls.core.id1 -Dosgi.bundles.defaultStartLevel=4 -Declipse.product=org.eclipse.jdt.ls.core.product -Djava.import.generatesMetadataFilesAtProjectRoot=false -DDetectVMInstallationsJob.disabled=true -Dfile.encoding=utf8 -XX:+UseParallelGC -XX:GCTimeRatio=4 -XX:AdaptiveSizePolicyWeight=90 -Dsun.zip.disableMemoryMapping=true -Xmx2G -Xms100m -Xlog:disable -javaagent:c:\Users\wumingwuyou\.trae\extensions\redhat.java-1.50.0-win32-x64\lombok\lombok-1.18.39-4050.jar -XX:+HeapDumpOnOutOfMemoryError -XX:HeapDumpPath=c:\Users\wumingwuyou\AppData\Roaming\Trae\User\workspaceStorage\c5366f6109dbbb1bbae8e1165cba1d81\redhat.java -Daether.dependencyCollector.impl=bf c:\Users\wumingwuyou\.trae\extensions\redhat.java-1.50.0-win32-x64\server\plugins\org.eclipse.equinox.launcher_1.7.100.v20251111-0406.jar -configuration c:\Users\wumingwuyou\AppData\Roaming\Trae\User\globalStorage\redhat.java\1.50.0\config_win -data c:\Users\wumingwuyou\AppData\Roaming\Trae\User\workspaceStorage\c5366f6109dbbb1bbae8e1165cba1d81\redhat.java\jdt_ws --pipe=\\.\pipe\lsp-ddd1dc36df3ae46c0c6f1e925f15530a-sock

Host: AMD Ryzen 7 7735H with Radeon Graphics         , 16 cores, 15G,  Windows 11 , 64 bit Build 26100 (10.0.26100.7309)
Time: Mon Jan  5 21:50:31 2026 elapsed time: 6.536630 seconds (0d 0h 0m 6s)

---------------  T H R E A D  ---------------

Current thread (0x000001d166ca28b0):  JavaThread "C2 CompilerThread1" daemon [_thread_in_native, id=6908, stack(0x000000ca4d400000,0x000000ca4d500000) (1024K)]


Current CompileTask:
C2:6536 7260   !   4       org.eclipse.osgi.internal.loader.BundleLoader::findRequiredSource (283 bytes)

Stack: [0x000000ca4d400000,0x000000ca4d500000]
Native frames: (J=compiled Java code, j=interpreted, Vv=VM code, C=native code)
V  [jvm.dll+0x6d6e29]
V  [jvm.dll+0x8b4b76]
V  [jvm.dll+0x8b712e]
V  [jvm.dll+0x8b7813]
V  [jvm.dll+0x283d86]
V  [jvm.dll+0xc66ed]
V  [jvm.dll+0xc6c31]
V  [jvm.dll+0x3be53b]
V  [jvm.dll+0x1e3d59]
V  [jvm.dll+0x24c0f3]
V  [jvm.dll+0x24b580]
V  [jvm.dll+0x1cb13e]
V  [jvm.dll+0x25b29d]
V  [jvm.dll+0x25982a]
V  [jvm.dll+0x3f7ea6]
V  [jvm.dll+0x85e9ad]
V  [jvm.dll+0x6d565d]
C  [ucrtbase.dll+0x37b0]
C  [KERNEL32.DLL+0x2e8d7]
C  [ntdll.dll+0x8c53c]


---------------  P R O C E S S  ---------------

Threads class SMR info:
_java_thread_list=0x000001d168b5bbf0, length=55, elements={
0x000001d146f0ec30, 0x000001d15ed78f70, 0x000001d15ed7ae80, 0x000001d15ed7be60,
0x000001d15ed7e3a0, 0x000001d15ed83e00, 0x000001d15ed84490, 0x000001d146faff60,
0x000001d146fca820, 0x000001d15ee6e270, 0x000001d15ed84b20, 0x000001d15f01ac50,
0x000001d15f01bb00, 0x000001d15ed851b0, 0x000001d15ed86560, 0x000001d15ed830e0,
0x000001d15ed83770, 0x000001d15ed85ed0, 0x000001d165ba0210, 0x000001d165b9ee60,
0x000001d165b9fb80, 0x000001d165b9dab0, 0x000001d165b9e7d0, 0x000001d165ba08a0,
0x000001d165b9d420, 0x000001d166ca28b0, 0x000001d1660e7930, 0x000001d165ba43b0,
0x000001d165ba1c50, 0x000001d165ba22e0, 0x000001d165ba3690, 0x000001d165ba2970,
0x000001d165ba3d20, 0x000001d165ba0f30, 0x000001d1691b27b0, 0x000001d1691b1400,
0x000001d1691b34d0, 0x000001d1691b3b60, 0x000001d1691b2e40, 0x000001d1691b2120,
0x000001d1691b41f0, 0x000001d1691b0d70, 0x000001d1691b4880, 0x000001d1691b4f10,
0x000001d1691b1a90, 0x000001d1691b8390, 0x000001d1691b7670, 0x000001d1691b6fe0,
0x000001d1691b55a0, 0x000001d1691b7d00, 0x000001d1691b5c30, 0x000001d1691b62c0,
0x000001d1694d30d0, 0x000001d1694d3760, 0x000001d1694d4480
}

Java Threads: ( => current thread )
  0x000001d146f0ec30 JavaThread "main"                              [_thread_blocked, id=27396, stack(0x000000ca4bb00000,0x000000ca4bc00000) (1024K)]
  0x000001d15ed78f70 JavaThread "Reference Handler"          daemon [_thread_blocked, id=26432, stack(0x000000ca4bf00000,0x000000ca4c000000) (1024K)]
  0x000001d15ed7ae80 JavaThread "Finalizer"                  daemon [_thread_blocked, id=20400, stack(0x000000ca4c000000,0x000000ca4c100000) (1024K)]
  0x000001d15ed7be60 JavaThread "Signal Dispatcher"          daemon [_thread_blocked, id=6652, stack(0x000000ca4c100000,0x000000ca4c200000) (1024K)]
  0x000001d15ed7e3a0 JavaThread "Attach Listener"            daemon [_thread_blocked, id=2872, stack(0x000000ca4c200000,0x000000ca4c300000) (1024K)]
  0x000001d15ed83e00 JavaThread "Service Thread"             daemon [_thread_blocked, id=9680, stack(0x000000ca4c300000,0x000000ca4c400000) (1024K)]
  0x000001d15ed84490 JavaThread "Monitor Deflation Thread"   daemon [_thread_blocked, id=10476, stack(0x000000ca4c400000,0x000000ca4c500000) (1024K)]
  0x000001d146faff60 JavaThread "C2 CompilerThread0"         daemon [_thread_in_native, id=2032, stack(0x000000ca4c500000,0x000000ca4c600000) (1024K)]
  0x000001d146fca820 JavaThread "C1 CompilerThread0"         daemon [_thread_blocked, id=31360, stack(0x000000ca4c600000,0x000000ca4c700000) (1024K)]
  0x000001d15ee6e270 JavaThread "C1 CompilerThread1"         daemon [_thread_blocked, id=33348, stack(0x000000ca4c700000,0x000000ca4c800000) (1024K)]
  0x000001d15ed84b20 JavaThread "Common-Cleaner"             daemon [_thread_blocked, id=23232, stack(0x000000ca4c900000,0x000000ca4ca00000) (1024K)]
  0x000001d15f01ac50 JavaThread "C1 CompilerThread2"         daemon [_thread_blocked, id=12024, stack(0x000000ca4ca00000,0x000000ca4cb00000) (1024K)]
  0x000001d15f01bb00 JavaThread "C1 CompilerThread3"         daemon [_thread_blocked, id=23020, stack(0x000000ca4cb00000,0x000000ca4cc00000) (1024K)]
  0x000001d15ed851b0 JavaThread "Notification Thread"        daemon [_thread_blocked, id=10756, stack(0x000000ca4cc00000,0x000000ca4cd00000) (1024K)]
  0x000001d15ed86560 JavaThread "Active Thread: Equinox Container: 17831149-7791-4bc7-a274-b3d1ca9ae1ed"        [_thread_blocked, id=9052, stack(0x000000ca4d500000,0x000000ca4d600000) (1024K)]
  0x000001d15ed830e0 JavaThread "Refresh Thread: Equinox Container: 17831149-7791-4bc7-a274-b3d1ca9ae1ed" daemon [_thread_blocked, id=32064, stack(0x000000ca4d700000,0x000000ca4d800000) (1024K)]
  0x000001d15ed83770 JavaThread "Framework Event Dispatcher: Equinox Container: 17831149-7791-4bc7-a274-b3d1ca9ae1ed" daemon [_thread_blocked, id=6532, stack(0x000000ca4d800000,0x000000ca4d900000) (1024K)]
  0x000001d15ed85ed0 JavaThread "Start Level: Equinox Container: 17831149-7791-4bc7-a274-b3d1ca9ae1ed" daemon [_thread_blocked, id=35720, stack(0x000000ca4d900000,0x000000ca4da00000) (1024K)]
  0x000001d165ba0210 JavaThread "Bundle File Closer"         daemon [_thread_blocked, id=14872, stack(0x000000ca4dd00000,0x000000ca4de00000) (1024K)]
  0x000001d165b9ee60 JavaThread "SCR Component Actor"        daemon [_thread_blocked, id=7352, stack(0x000000ca4de00000,0x000000ca4df00000) (1024K)]
  0x000001d165b9fb80 JavaThread "Worker-JM"                         [_thread_blocked, id=3704, stack(0x000000ca4e000000,0x000000ca4e100000) (1024K)]
  0x000001d165b9dab0 JavaThread "JNA Cleaner"                daemon [_thread_blocked, id=16420, stack(0x000000ca4e200000,0x000000ca4e300000) (1024K)]
  0x000001d165b9e7d0 JavaThread "Worker-0"                          [_thread_blocked, id=4892, stack(0x000000ca4e300000,0x000000ca4e400000) (1024K)]
  0x000001d165ba08a0 JavaThread "Worker-1: Refreshing workspace"        [_thread_blocked, id=21616, stack(0x000000ca4c800000,0x000000ca4c900000) (1024K)]
  0x000001d165b9d420 JavaThread "Worker-2"                          [_thread_blocked, id=24704, stack(0x000000ca4cd00000,0x000000ca4ce00000) (1024K)]
=>0x000001d166ca28b0 JavaThread "C2 CompilerThread1"         daemon [_thread_in_native, id=6908, stack(0x000000ca4d400000,0x000000ca4d500000) (1024K)]
  0x000001d1660e7930 JavaThread "C2 CompilerThread2"         daemon [_thread_in_native, id=35188, stack(0x000000ca4e400000,0x000000ca4e500000) (1024K)]
  0x000001d165ba43b0 JavaThread "Java indexing"              daemon [_thread_blocked, id=35924, stack(0x000000ca4e500000,0x000000ca4e600000) (1024K)]
  0x000001d165ba1c50 JavaThread "Worker-3"                          [_thread_blocked, id=27728, stack(0x000000ca4e800000,0x000000ca4e900000) (1024K)]
  0x000001d165ba22e0 JavaThread "Worker-4"                          [_thread_blocked, id=8832, stack(0x000000ca4e900000,0x000000ca4ea00000) (1024K)]
  0x000001d165ba3690 JavaThread "Worker-5: Initialize Workspace"        [_thread_in_native, id=24820, stack(0x000000ca4ea00000,0x000000ca4eb00000) (1024K)]
  0x000001d165ba2970 JavaThread "Worker-6"                          [_thread_blocked, id=33808, stack(0x000000ca4eb00000,0x000000ca4ec00000) (1024K)]
  0x000001d165ba3d20 JavaThread "Thread-1"                   daemon [_thread_in_native, id=19164, stack(0x000000ca4ec00000,0x000000ca4ed00000) (1024K)]
  0x000001d165ba0f30 JavaThread "Thread-2"                   daemon [_thread_in_native, id=16724, stack(0x000000ca4ed00000,0x000000ca4ee00000) (1024K)]
  0x000001d1691b27b0 JavaThread "Thread-3"                   daemon [_thread_in_native, id=11820, stack(0x000000ca4ee00000,0x000000ca4ef00000) (1024K)]
  0x000001d1691b1400 JavaThread "Thread-4"                   daemon [_thread_in_native, id=23608, stack(0x000000ca4ef00000,0x000000ca4f000000) (1024K)]
  0x000001d1691b34d0 JavaThread "Thread-5"                   daemon [_thread_in_native, id=24908, stack(0x000000ca4f000000,0x000000ca4f100000) (1024K)]
  0x000001d1691b3b60 JavaThread "Thread-6"                   daemon [_thread_in_native, id=17788, stack(0x000000ca4f100000,0x000000ca4f200000) (1024K)]
  0x000001d1691b2e40 JavaThread "Thread-7"                   daemon [_thread_in_native, id=30664, stack(0x000000ca4f200000,0x000000ca4f300000) (1024K)]
  0x000001d1691b2120 JavaThread "Thread-8"                   daemon [_thread_in_native, id=16608, stack(0x000000ca4f300000,0x000000ca4f400000) (1024K)]
  0x000001d1691b41f0 JavaThread "Thread-9"                   daemon [_thread_in_native, id=28028, stack(0x000000ca4f400000,0x000000ca4f500000) (1024K)]
  0x000001d1691b0d70 JavaThread "Thread-10"                  daemon [_thread_in_native, id=20860, stack(0x000000ca4f500000,0x000000ca4f600000) (1024K)]
  0x000001d1691b4880 JavaThread "Thread-11"                  daemon [_thread_in_native, id=24744, stack(0x000000ca4f600000,0x000000ca4f700000) (1024K)]
  0x000001d1691b4f10 JavaThread "Thread-12"                  daemon [_thread_in_native, id=24656, stack(0x000000ca4f700000,0x000000ca4f800000) (1024K)]
  0x000001d1691b1a90 JavaThread "Thread-13"                  daemon [_thread_in_native, id=3600, stack(0x000000ca4f800000,0x000000ca4f900000) (1024K)]
  0x000001d1691b8390 JavaThread "Thread-14"                  daemon [_thread_in_native, id=13936, stack(0x000000ca4f900000,0x000000ca4fa00000) (1024K)]
  0x000001d1691b7670 JavaThread "Thread-15"                  daemon [_thread_in_native, id=25496, stack(0x000000ca4fa00000,0x000000ca4fb00000) (1024K)]
  0x000001d1691b6fe0 JavaThread "Thread-16"                  daemon [_thread_in_native, id=14356, stack(0x000000ca4fb00000,0x000000ca4fc00000) (1024K)]
  0x000001d1691b55a0 JavaThread "Thread-17"                  daemon [_thread_in_native, id=848, stack(0x000000ca4fc00000,0x000000ca4fd00000) (1024K)]
  0x000001d1691b7d00 JavaThread "pool-2-thread-1"                   [_thread_blocked, id=5728, stack(0x000000ca4fd00000,0x000000ca4fe00000) (1024K)]
  0x000001d1691b5c30 JavaThread "WorkspaceEventsHandler"            [_thread_blocked, id=20500, stack(0x000000ca4fe00000,0x000000ca4ff00000) (1024K)]
  0x000001d1691b62c0 JavaThread "pool-1-thread-1"                   [_thread_blocked, id=26324, stack(0x000000ca4ff00000,0x000000ca50000000) (1024K)]
  0x000001d1694d30d0 JavaThread "ForkJoinPool.commonPool-worker-1" daemon [_thread_blocked, id=28136, stack(0x000000ca50000000,0x000000ca50100000) (1024K)]
  0x000001d1694d3760 JavaThread "ForkJoinPool.commonPool-worker-2" daemon [_thread_blocked, id=35456, stack(0x000000ca50100000,0x000000ca50200000) (1024K)]
  0x000001d1694d4480 JavaThread "ForkJoinPool.commonPool-worker-3" daemon [_thread_blocked, id=15156, stack(0x000000ca50200000,0x000000ca50300000) (1024K)]
Total: 55

Other Threads:
  0x000001d146faf910 VMThread "VM Thread"                           [id=25928, stack(0x000000ca4be00000,0x000000ca4bf00000) (1024K)]
  0x000001d15d89ca00 WatcherThread "VM Periodic Task Thread"        [id=23844, stack(0x000000ca4bd00000,0x000000ca4be00000) (1024K)]
  0x000001d146f2e2a0 WorkerThread "GC Thread#0"                     [id=29188, stack(0x000000ca4bc00000,0x000000ca4bd00000) (1024K)]
  0x000001d160bd2c90 WorkerThread "GC Thread#1"                     [id=22980, stack(0x000000ca4ce00000,0x000000ca4cf00000) (1024K)]
  0x000001d16522ddf0 WorkerThread "GC Thread#2"                     [id=31772, stack(0x000000ca4cf00000,0x000000ca4d000000) (1024K)]
  0x000001d16522e190 WorkerThread "GC Thread#3"                     [id=32956, stack(0x000000ca4d000000,0x000000ca4d100000) (1024K)]
  0x000001d160bd3430 WorkerThread "GC Thread#4"                     [id=32400, stack(0x000000ca4d100000,0x000000ca4d200000) (1024K)]
  0x000001d160d17550 WorkerThread "GC Thread#5"                     [id=14792, stack(0x000000ca4d200000,0x000000ca4d300000) (1024K)]
  0x000001d160d178f0 WorkerThread "GC Thread#6"                     [id=26604, stack(0x000000ca4d300000,0x000000ca4d400000) (1024K)]
  0x000001d160e3b640 WorkerThread "GC Thread#7"                     [id=34476, stack(0x000000ca4d600000,0x000000ca4d700000) (1024K)]
  0x000001d165251e50 WorkerThread "GC Thread#8"                     [id=23648, stack(0x000000ca4da00000,0x000000ca4db00000) (1024K)]
  0x000001d165251710 WorkerThread "GC Thread#9"                     [id=14296, stack(0x000000ca4db00000,0x000000ca4dc00000) (1024K)]
  0x000001d165251ab0 WorkerThread "GC Thread#10"                    [id=34360, stack(0x000000ca4dc00000,0x000000ca4dd00000) (1024K)]
  0x000001d165252930 WorkerThread "GC Thread#11"                    [id=15740, stack(0x000000ca4df00000,0x000000ca4e000000) (1024K)]
  0x000001d1652521f0 WorkerThread "GC Thread#12"                    [id=14756, stack(0x000000ca4e100000,0x000000ca4e200000) (1024K)]
Total: 15

Threads with active compile tasks:
C2 CompilerThread0  6566 8558   !   4       java.nio.file.FileTreeWalker::next (144 bytes)
C2 CompilerThread1  6566 7260   !   4       org.eclipse.osgi.internal.loader.BundleLoader::findRequiredSource (283 bytes)
C2 CompilerThread2  6566 5535   !   4       org.eclipse.osgi.internal.loader.classpath.ClasspathManager::findClassImpl (328 bytes)
Total: 3

VM state: not at safepoint (normal execution)

VM Mutex/Monitor currently owned by a thread: None

Heap address: 0x0000000080000000, size: 2048 MB, Compressed Oops mode: 32-bit

CDS archive(s) mapped at: [0x000001d100000000-0x000001d100ba0000-0x000001d100ba0000), size 12189696, SharedBaseAddress: 0x000001d100000000, ArchiveRelocationMode: 1.
Compressed class space mapped at: 0x000001d101000000-0x000001d141000000, reserved size: 1073741824
Narrow klass base: 0x000001d100000000, Narrow klass shift: 0, Narrow klass range: 0x100000000

GC Precious Log:
 CardTable entry size: 512
 CPUs: 16 total, 16 available
 Memory: 15613M
 Large Page Support: Disabled
 NUMA Support: Disabled
 Compressed Oops: Enabled (32-bit)
 Alignments: Space 512K, Generation 512K, Heap 2M
 Heap Min Capacity: 100M
 Heap Initial Capacity: 100M
 Heap Max Capacity: 2G
 Pre-touch: Disabled
 Parallel Workers: 13

Heap:
 PSYoungGen      total 15872K, used 6532K [0x00000000d5580000, 0x00000000d6600000, 0x0000000100000000)
  eden space 14848K, 39% used [0x00000000d5580000,0x00000000d5b39210,0x00000000d6400000)
  from space 1024K, 65% used [0x00000000d6480000,0x00000000d6528000,0x00000000d6580000)
  to   space 512K, 0% used [0x00000000d6580000,0x00000000d6580000,0x00000000d6600000)
 ParOldGen       total 68608K, used 51832K [0x0000000080000000, 0x0000000084300000, 0x00000000d5580000)
  object space 68608K, 75% used [0x0000000080000000,0x000000008329e3d0,0x0000000084300000)
 Metaspace       used 49587K, committed 50880K, reserved 1114112K
  class space    used 5307K, committed 5888K, reserved 1048576K

Card table byte_map: [0x000001d1468b0000,0x000001d146cc0000] _byte_map_base: 0x000001d1464b0000

Marking Bits: (ParMarkBitMap*) 0x00007ffebd7b2460
 Begin Bits: [0x000001d1593c0000, 0x000001d15b3c0000)
 End Bits:   [0x000001d15b3c0000, 0x000001d15d3c0000)

Polling page: 0x000001d144e50000

Metaspace:

Usage:
  Non-class:     43.24 MB used.
      Class:      5.18 MB used.
       Both:     48.43 MB used.

Virtual space:
  Non-class space:       64.00 MB reserved,      43.94 MB ( 69%) committed,  1 nodes.
      Class space:        1.00 GB reserved,       5.75 MB ( <1%) committed,  1 nodes.
             Both:        1.06 GB reserved,      49.69 MB (  5%) committed. 

Chunk freelists:
   Non-Class:  3.35 MB
       Class:  10.23 MB
        Both:  13.57 MB

MaxMetaspaceSize: unlimited
CompressedClassSpaceSize: 1.00 GB
Initial GC threshold: 21.00 MB
Current GC threshold: 58.38 MB
CDS: on
 - commit_granule_bytes: 65536.
 - commit_granule_words: 8192.
 - virtual_space_node_default_size: 8388608.
 - enlarge_chunks_in_place: 1.
 - use_allocation_guard: 0.


Internal statistics:

num_allocs_failed_limit: 8.
num_arena_births: 882.
num_arena_deaths: 42.
num_vsnodes_births: 2.
num_vsnodes_deaths: 0.
num_space_committed: 794.
num_space_uncommitted: 0.
num_chunks_returned_to_freelist: 60.
num_chunks_taken_from_freelist: 3171.
num_chunk_merges: 7.
num_chunk_splits: 1909.
num_chunks_enlarged: 1059.
num_inconsistent_stats: 0.

CodeHeap 'non-profiled nmethods': size=119168Kb used=3368Kb max_used=3368Kb free=115799Kb
 bounds [0x000001d151cb0000, 0x000001d152000000, 0x000001d159110000]
CodeHeap 'profiled nmethods': size=119104Kb used=16021Kb max_used=16021Kb free=103082Kb
 bounds [0x000001d14a110000, 0x000001d14b0c0000, 0x000001d151560000]
CodeHeap 'non-nmethods': size=7488Kb used=3074Kb max_used=3150Kb free=4414Kb
 bounds [0x000001d151560000, 0x000001d151880000, 0x000001d151cb0000]
CodeCache: size=245760Kb, used=22463Kb, max_used=22539Kb, free=223295Kb
 total_blobs=8566, nmethods=7878, adapters=591, full_count=0
Compilation: enabled, stopped_count=0, restarted_count=0

Compilation events (20 events):
Event: 6.387 Thread 0x000001d146fca820 nmethod 8572 0x000001d14b0a6290 code [0x000001d14b0a6420, 0x000001d14b0a6528]
Event: 6.387 Thread 0x000001d15f01bb00 8575       2       sun.nio.fs.WindowsException::translateToIOException (109 bytes)
Event: 6.387 Thread 0x000001d146fca820 8576       2       java.nio.file.NoSuchFileException::<init> (8 bytes)
Event: 6.387 Thread 0x000001d15f01ac50 nmethod 8574 0x000001d14b0a6590 code [0x000001d14b0a6740, 0x000001d14b0a6880]
Event: 6.387 Thread 0x000001d15ee6e270 nmethod 8571 0x000001d14b0a6990 code [0x000001d14b0a6b20, 0x000001d14b0a6c90]
Event: 6.387 Thread 0x000001d15f01ac50 8577       2       java.nio.file.FileSystemException::<init> (16 bytes)
Event: 6.387 Thread 0x000001d146fca820 nmethod 8576 0x000001d14b0a6d90 code [0x000001d14b0a6f40, 0x000001d14b0a70c8]
Event: 6.387 Thread 0x000001d15f01ac50 nmethod 8577 0x000001d14b0a7210 code [0x000001d14b0a73c0, 0x000001d14b0a7538]
Event: 6.387 Thread 0x000001d15f01bb00 nmethod 8575 0x000001d14b0a7610 code [0x000001d14b0a7860, 0x000001d14b0a7ed0]
Event: 6.390 Thread 0x000001d15f01ac50 8578       2       java.nio.file.Path::resolve (21 bytes)
Event: 6.390 Thread 0x000001d15f01ac50 nmethod 8578 0x000001d14b0a8210 code [0x000001d14b0a83e0, 0x000001d14b0a8620]
Event: 6.394 Thread 0x000001d15f01ac50 8579       2       java.util.ArrayDeque$DeqIterator::hasNext (13 bytes)
Event: 6.394 Thread 0x000001d15f01ac50 nmethod 8579 0x000001d14b0a8710 code [0x000001d14b0a88a0, 0x000001d14b0a89b8]
Event: 6.395 Thread 0x000001d15f01ac50 8580       2       sun.nio.fs.WindowsPath$WindowsPathWithAttributes::resolve (6 bytes)
Event: 6.396 Thread 0x000001d15f01ac50 nmethod 8580 0x000001d14b0a8a90 code [0x000001d14b0a8c40, 0x000001d14b0a8d68]
Event: 6.398 Thread 0x000001d15f01ac50 8581       2       java.util.LinkedHashMap$LinkedKeySet::iterator (16 bytes)
Event: 6.398 Thread 0x000001d15ee6e270 8582       2       java.util.LinkedHashMap$LinkedKeyIterator::<init> (7 bytes)
Event: 6.398 Thread 0x000001d15ee6e270 nmethod 8582 0x000001d14b0a8e10 code [0x000001d14b0a8fc0, 0x000001d14b0a90e0]
Event: 6.398 Thread 0x000001d15f01ac50 nmethod 8581 0x000001d14b0a9190 code [0x000001d14b0a9340, 0x000001d14b0a94e0]
Event: 6.407 Thread 0x000001d15ee6e270 8583 %     3       sun.nio.fs.Globs::toRegexPattern @ 15 (745 bytes)

GC Heap History (20 events):
Event: 5.562 GC heap before
{Heap before GC invocations=34 (full 2):
 PSYoungGen      total 17408K, used 16945K [0x00000000d5580000, 0x00000000d6880000, 0x0000000100000000)
  eden space 15360K, 100% used [0x00000000d5580000,0x00000000d6480000,0x00000000d6480000)
  from space 2048K, 77% used [0x00000000d6580000,0x00000000d670c410,0x00000000d6780000)
  to   space 1024K, 0% used [0x00000000d6780000,0x00000000d6780000,0x00000000d6880000)
 ParOldGen       total 68608K, used 38382K [0x0000000080000000, 0x0000000084300000, 0x00000000d5580000)
  object space 68608K, 55% used [0x0000000080000000,0x000000008257b878,0x0000000084300000)
 Metaspace       used 43979K, committed 45248K, reserved 1114112K
  class space    used 4631K, committed 5248K, reserved 1048576K
}
Event: 5.563 GC heap after
{Heap after GC invocations=34 (full 2):
 PSYoungGen      total 15872K, used 992K [0x00000000d5580000, 0x00000000d6b80000, 0x0000000100000000)
  eden space 14848K, 0% used [0x00000000d5580000,0x00000000d5580000,0x00000000d6400000)
  from space 1024K, 96% used [0x00000000d6780000,0x00000000d6878010,0x00000000d6880000)
  to   space 3584K, 0% used [0x00000000d6400000,0x00000000d6400000,0x00000000d6780000)
 ParOldGen       total 68608K, used 40330K [0x0000000080000000, 0x0000000084300000, 0x00000000d5580000)
  object space 68608K, 58% used [0x0000000080000000,0x0000000082762970,0x0000000084300000)
 Metaspace       used 43979K, committed 45248K, reserved 1114112K
  class space    used 4631K, committed 5248K, reserved 1048576K
}
Event: 5.602 GC heap before
{Heap before GC invocations=35 (full 2):
 PSYoungGen      total 15872K, used 15840K [0x00000000d5580000, 0x00000000d6b80000, 0x0000000100000000)
  eden space 14848K, 100% used [0x00000000d5580000,0x00000000d6400000,0x00000000d6400000)
  from space 1024K, 96% used [0x00000000d6780000,0x00000000d6878010,0x00000000d6880000)
  to   space 3584K, 0% used [0x00000000d6400000,0x00000000d6400000,0x00000000d6780000)
 ParOldGen       total 68608K, used 40330K [0x0000000080000000, 0x0000000084300000, 0x00000000d5580000)
  object space 68608K, 58% used [0x0000000080000000,0x0000000082762970,0x0000000084300000)
 Metaspace       used 44269K, committed 45504K, reserved 1114112K
  class space    used 4671K, committed 5248K, reserved 1048576K
}
Event: 5.604 GC heap after
{Heap after GC invocations=35 (full 2):
 PSYoungGen      total 16896K, used 1762K [0x00000000d5580000, 0x00000000d6900000, 0x0000000100000000)
  eden space 14848K, 0% used [0x00000000d5580000,0x00000000d5580000,0x00000000d6400000)
  from space 2048K, 86% used [0x00000000d6400000,0x00000000d65b8800,0x00000000d6600000)
  to   space 2560K, 0% used [0x00000000d6680000,0x00000000d6680000,0x00000000d6900000)
 ParOldGen       total 68608K, used 41378K [0x0000000080000000, 0x0000000084300000, 0x00000000d5580000)
  object space 68608K, 60% used [0x0000000080000000,0x0000000082868980,0x0000000084300000)
 Metaspace       used 44269K, committed 45504K, reserved 1114112K
  class space    used 4671K, committed 5248K, reserved 1048576K
}
Event: 5.642 GC heap before
{Heap before GC invocations=36 (full 2):
 PSYoungGen      total 16896K, used 16610K [0x00000000d5580000, 0x00000000d6900000, 0x0000000100000000)
  eden space 14848K, 100% used [0x00000000d5580000,0x00000000d6400000,0x00000000d6400000)
  from space 2048K, 86% used [0x00000000d6400000,0x00000000d65b8800,0x00000000d6600000)
  to   space 2560K, 0% used [0x00000000d6680000,0x00000000d6680000,0x00000000d6900000)
 ParOldGen       total 68608K, used 41378K [0x0000000080000000, 0x0000000084300000, 0x00000000d5580000)
  object space 68608K, 60% used [0x0000000080000000,0x0000000082868980,0x0000000084300000)
 Metaspace       used 44602K, committed 45888K, reserved 1114112K
  class space    used 4714K, committed 5312K, reserved 1048576K
}
Event: 5.644 GC heap after
{Heap after GC invocations=36 (full 2):
 PSYoungGen      total 16896K, used 1732K [0x00000000d5580000, 0x00000000d6880000, 0x0000000100000000)
  eden space 14848K, 0% used [0x00000000d5580000,0x00000000d5580000,0x00000000d6400000)
  from space 2048K, 84% used [0x00000000d6680000,0x00000000d6831000,0x00000000d6880000)
  to   space 2048K, 0% used [0x00000000d6400000,0x00000000d6400000,0x00000000d6600000)
 ParOldGen       total 68608K, used 42848K [0x0000000080000000, 0x0000000084300000, 0x00000000d5580000)
  object space 68608K, 62% used [0x0000000080000000,0x00000000829d8030,0x0000000084300000)
 Metaspace       used 44602K, committed 45888K, reserved 1114112K
  class space    used 4714K, committed 5312K, reserved 1048576K
}
Event: 5.682 GC heap before
{Heap before GC invocations=37 (full 2):
 PSYoungGen      total 16896K, used 16580K [0x00000000d5580000, 0x00000000d6880000, 0x0000000100000000)
  eden space 14848K, 100% used [0x00000000d5580000,0x00000000d6400000,0x00000000d6400000)
  from space 2048K, 84% used [0x00000000d6680000,0x00000000d6831000,0x00000000d6880000)
  to   space 2048K, 0% used [0x00000000d6400000,0x00000000d6400000,0x00000000d6600000)
 ParOldGen       total 68608K, used 42848K [0x0000000080000000, 0x0000000084300000, 0x00000000d5580000)
  object space 68608K, 62% used [0x0000000080000000,0x00000000829d8030,0x0000000084300000)
 Metaspace       used 44889K, committed 46208K, reserved 1114112K
  class space    used 4752K, committed 5376K, reserved 1048576K
}
Event: 5.684 GC heap after
{Heap after GC invocations=37 (full 2):
 PSYoungGen      total 16896K, used 1600K [0x00000000d5580000, 0x00000000d6800000, 0x0000000100000000)
  eden space 14848K, 0% used [0x00000000d5580000,0x00000000d5580000,0x00000000d6400000)
  from space 2048K, 78% used [0x00000000d6400000,0x00000000d6590000,0x00000000d6600000)
  to   space 2048K, 0% used [0x00000000d6600000,0x00000000d6600000,0x00000000d6800000)
 ParOldGen       total 68608K, used 44416K [0x0000000080000000, 0x0000000084300000, 0x00000000d5580000)
  object space 68608K, 64% used [0x0000000080000000,0x0000000082b60130,0x0000000084300000)
 Metaspace       used 44889K, committed 46208K, reserved 1114112K
  class space    used 4752K, committed 5376K, reserved 1048576K
}
Event: 5.738 GC heap before
{Heap before GC invocations=38 (full 2):
 PSYoungGen      total 16896K, used 16448K [0x00000000d5580000, 0x00000000d6800000, 0x0000000100000000)
  eden space 14848K, 100% used [0x00000000d5580000,0x00000000d6400000,0x00000000d6400000)
  from space 2048K, 78% used [0x00000000d6400000,0x00000000d6590000,0x00000000d6600000)
  to   space 2048K, 0% used [0x00000000d6600000,0x00000000d6600000,0x00000000d6800000)
 ParOldGen       total 68608K, used 44416K [0x0000000080000000, 0x0000000084300000, 0x00000000d5580000)
  object space 68608K, 64% used [0x0000000080000000,0x0000000082b60130,0x0000000084300000)
 Metaspace       used 45379K, committed 46592K, reserved 1114112K
  class space    used 4805K, committed 5376K, reserved 1048576K
}
Event: 5.739 GC heap after
{Heap after GC invocations=38 (full 2):
 PSYoungGen      total 16896K, used 1696K [0x00000000d5580000, 0x00000000d6800000, 0x0000000100000000)
  eden space 14848K, 0% used [0x00000000d5580000,0x00000000d5580000,0x00000000d6400000)
  from space 2048K, 82% used [0x00000000d6600000,0x00000000d67a8010,0x00000000d6800000)
  to   space 2048K, 0% used [0x00000000d6400000,0x00000000d6400000,0x00000000d6600000)
 ParOldGen       total 68608K, used 45820K [0x0000000080000000, 0x0000000084300000, 0x00000000d5580000)
  object space 68608K, 66% used [0x0000000080000000,0x0000000082cbf140,0x0000000084300000)
 Metaspace       used 45379K, committed 46592K, reserved 1114112K
  class space    used 4805K, committed 5376K, reserved 1048576K
}
Event: 5.787 GC heap before
{Heap before GC invocations=39 (full 2):
 PSYoungGen      total 16896K, used 16544K [0x00000000d5580000, 0x00000000d6800000, 0x0000000100000000)
  eden space 14848K, 100% used [0x00000000d5580000,0x00000000d6400000,0x00000000d6400000)
  from space 2048K, 82% used [0x00000000d6600000,0x00000000d67a8010,0x00000000d6800000)
  to   space 2048K, 0% used [0x00000000d6400000,0x00000000d6400000,0x00000000d6600000)
 ParOldGen       total 68608K, used 45820K [0x0000000080000000, 0x0000000084300000, 0x00000000d5580000)
  object space 68608K, 66% used [0x0000000080000000,0x0000000082cbf170,0x0000000084300000)
 Metaspace       used 45663K, committed 46976K, reserved 1114112K
  class space    used 4840K, committed 5440K, reserved 1048576K
}
Event: 5.788 GC heap after
{Heap after GC invocations=39 (full 2):
 PSYoungGen      total 16896K, used 1696K [0x00000000d5580000, 0x00000000d6800000, 0x0000000100000000)
  eden space 14848K, 0% used [0x00000000d5580000,0x00000000d5580000,0x00000000d6400000)
  from space 2048K, 82% used [0x00000000d6400000,0x00000000d65a8000,0x00000000d6600000)
  to   space 2048K, 0% used [0x00000000d6600000,0x00000000d6600000,0x00000000d6800000)
 ParOldGen       total 68608K, used 47316K [0x0000000080000000, 0x0000000084300000, 0x00000000d5580000)
  object space 68608K, 68% used [0x0000000080000000,0x0000000082e35180,0x0000000084300000)
 Metaspace       used 45663K, committed 46976K, reserved 1114112K
  class space    used 4840K, committed 5440K, reserved 1048576K
}
Event: 5.845 GC heap before
{Heap before GC invocations=40 (full 2):
 PSYoungGen      total 16896K, used 16544K [0x00000000d5580000, 0x00000000d6800000, 0x0000000100000000)
  eden space 14848K, 100% used [0x00000000d5580000,0x00000000d6400000,0x00000000d6400000)
  from space 2048K, 82% used [0x00000000d6400000,0x00000000d65a8000,0x00000000d6600000)
  to   space 2048K, 0% used [0x00000000d6600000,0x00000000d6600000,0x00000000d6800000)
 ParOldGen       total 68608K, used 48102K [0x0000000080000000, 0x0000000084300000, 0x00000000d5580000)
  object space 68608K, 70% used [0x0000000080000000,0x0000000082ef9a40,0x0000000084300000)
 Metaspace       used 46144K, committed 47424K, reserved 1114112K
  class space    used 4900K, committed 5504K, reserved 1048576K
}
Event: 5.847 GC heap after
{Heap after GC invocations=40 (full 2):
 PSYoungGen      total 16384K, used 1216K [0x00000000d5580000, 0x00000000d6780000, 0x0000000100000000)
  eden space 14848K, 0% used [0x00000000d5580000,0x00000000d5580000,0x00000000d6400000)
  from space 1536K, 79% used [0x00000000d6600000,0x00000000d6730000,0x00000000d6780000)
  to   space 1536K, 0% used [0x00000000d6480000,0x00000000d6480000,0x00000000d6600000)
 ParOldGen       total 68608K, used 49611K [0x0000000080000000, 0x0000000084300000, 0x00000000d5580000)
  object space 68608K, 72% used [0x0000000080000000,0x0000000083072c50,0x0000000084300000)
 Metaspace       used 46144K, committed 47424K, reserved 1114112K
  class space    used 4900K, committed 5504K, reserved 1048576K
}
Event: 5.999 GC heap before
{Heap before GC invocations=41 (full 2):
 PSYoungGen      total 16384K, used 16064K [0x00000000d5580000, 0x00000000d6780000, 0x0000000100000000)
  eden space 14848K, 100% used [0x00000000d5580000,0x00000000d6400000,0x00000000d6400000)
  from space 1536K, 79% used [0x00000000d6600000,0x00000000d6730000,0x00000000d6780000)
  to   space 1536K, 0% used [0x00000000d6480000,0x00000000d6480000,0x00000000d6600000)
 ParOldGen       total 68608K, used 49611K [0x0000000080000000, 0x0000000084300000, 0x00000000d5580000)
  object space 68608K, 72% used [0x0000000080000000,0x0000000083072c50,0x0000000084300000)
 Metaspace       used 47256K, committed 48512K, reserved 1114112K
  class space    used 5060K, committed 5632K, reserved 1048576K
}
Event: 6.000 GC heap after
{Heap after GC invocations=41 (full 2):
 PSYoungGen      total 15872K, used 768K [0x00000000d5580000, 0x00000000d6680000, 0x0000000100000000)
  eden space 14848K, 0% used [0x00000000d5580000,0x00000000d5580000,0x00000000d6400000)
  from space 1024K, 75% used [0x00000000d6480000,0x00000000d6540000,0x00000000d6580000)
  to   space 1024K, 0% used [0x00000000d6580000,0x00000000d6580000,0x00000000d6680000)
 ParOldGen       total 68608K, used 50647K [0x0000000080000000, 0x0000000084300000, 0x00000000d5580000)
  object space 68608K, 73% used [0x0000000080000000,0x0000000083175fa8,0x0000000084300000)
 Metaspace       used 47256K, committed 48512K, reserved 1114112K
  class space    used 5060K, committed 5632K, reserved 1048576K
}
Event: 6.150 GC heap before
{Heap before GC invocations=42 (full 2):
 PSYoungGen      total 15872K, used 15563K [0x00000000d5580000, 0x00000000d6680000, 0x0000000100000000)
  eden space 14848K, 99% used [0x00000000d5580000,0x00000000d63f2fb0,0x00000000d6400000)
  from space 1024K, 75% used [0x00000000d6480000,0x00000000d6540000,0x00000000d6580000)
  to   space 1024K, 0% used [0x00000000d6580000,0x00000000d6580000,0x00000000d6680000)
 ParOldGen       total 68608K, used 50647K [0x0000000080000000, 0x0000000084300000, 0x00000000d5580000)
  object space 68608K, 73% used [0x0000000080000000,0x0000000083175fa8,0x0000000084300000)
 Metaspace       used 48325K, committed 49600K, reserved 1114112K
  class space    used 5177K, committed 5760K, reserved 1048576K
}
Event: 6.151 GC heap after
{Heap after GC invocations=42 (full 2):
 PSYoungGen      total 15872K, used 817K [0x00000000d5580000, 0x00000000d6680000, 0x0000000100000000)
  eden space 14848K, 0% used [0x00000000d5580000,0x00000000d5580000,0x00000000d6400000)
  from space 1024K, 79% used [0x00000000d6580000,0x00000000d664c6f0,0x00000000d6680000)
  to   space 1024K, 0% used [0x00000000d6480000,0x00000000d6480000,0x00000000d6580000)
 ParOldGen       total 68608K, used 51255K [0x0000000080000000, 0x0000000084300000, 0x00000000d5580000)
  object space 68608K, 74% used [0x0000000080000000,0x000000008320dfa8,0x0000000084300000)
 Metaspace       used 48325K, committed 49600K, reserved 1114112K
  class space    used 5177K, committed 5760K, reserved 1048576K
}
Event: 6.281 GC heap before
{Heap before GC invocations=43 (full 2):
 PSYoungGen      total 15872K, used 15665K [0x00000000d5580000, 0x00000000d6680000, 0x0000000100000000)
  eden space 14848K, 99% used [0x00000000d5580000,0x00000000d63ffff8,0x00000000d6400000)
  from space 1024K, 79% used [0x00000000d6580000,0x00000000d664c6f0,0x00000000d6680000)
  to   space 1024K, 0% used [0x00000000d6480000,0x00000000d6480000,0x00000000d6580000)
 ParOldGen       total 68608K, used 51255K [0x0000000080000000, 0x0000000084300000, 0x00000000d5580000)
  object space 68608K, 74% used [0x0000000080000000,0x000000008320dfa8,0x0000000084300000)
 Metaspace       used 49096K, committed 50368K, reserved 1114112K
  class space    used 5263K, committed 5824K, reserved 1048576K
}
Event: 6.283 GC heap after
{Heap after GC invocations=43 (full 2):
 PSYoungGen      total 15872K, used 672K [0x00000000d5580000, 0x00000000d6600000, 0x0000000100000000)
  eden space 14848K, 0% used [0x00000000d5580000,0x00000000d5580000,0x00000000d6400000)
  from space 1024K, 65% used [0x00000000d6480000,0x00000000d6528000,0x00000000d6580000)
  to   space 512K, 0% used [0x00000000d6580000,0x00000000d6580000,0x00000000d6600000)
 ParOldGen       total 68608K, used 51832K [0x0000000080000000, 0x0000000084300000, 0x00000000d5580000)
  object space 68608K, 75% used [0x0000000080000000,0x000000008329e3d0,0x0000000084300000)
 Metaspace       used 49096K, committed 50368K, reserved 1114112K
  class space    used 5263K, committed 5824K, reserved 1048576K
}

Dll operation events (12 events):
Event: 0.011 Loaded shared library c:\Users\wumingwuyou\.trae\extensions\redhat.java-1.50.0-win32-x64\jre\21.0.9-win32-x86_64\bin\java.dll
Event: 0.044 Loaded shared library c:\Users\wumingwuyou\.trae\extensions\redhat.java-1.50.0-win32-x64\jre\21.0.9-win32-x86_64\bin\zip.dll
Event: 0.131 Loaded shared library C:\Users\wumingwuyou\.trae\extensions\redhat.java-1.50.0-win32-x64\jre\21.0.9-win32-x86_64\bin\instrument.dll
Event: 0.137 Loaded shared library C:\Users\wumingwuyou\.trae\extensions\redhat.java-1.50.0-win32-x64\jre\21.0.9-win32-x86_64\bin\net.dll
Event: 0.140 Loaded shared library C:\Users\wumingwuyou\.trae\extensions\redhat.java-1.50.0-win32-x64\jre\21.0.9-win32-x86_64\bin\nio.dll
Event: 0.145 Loaded shared library C:\Users\wumingwuyou\.trae\extensions\redhat.java-1.50.0-win32-x64\jre\21.0.9-win32-x86_64\bin\zip.dll
Event: 0.167 Loaded shared library C:\Users\wumingwuyou\.trae\extensions\redhat.java-1.50.0-win32-x64\jre\21.0.9-win32-x86_64\bin\jimage.dll
Event: 0.249 Loaded shared library c:\Users\wumingwuyou\.trae\extensions\redhat.java-1.50.0-win32-x64\jre\21.0.9-win32-x86_64\bin\verify.dll
Event: 1.209 Loaded shared library C:\Users\wumingwuyou\AppData\Roaming\Trae\User\globalStorage\redhat.java\1.50.0\config_win\org.eclipse.equinox.launcher\org.eclipse.equinox.launcher.win32.win32.x86_64_1.2.1400.v20250801-0854\eclipse_11916.dll
Event: 2.553 Loaded shared library C:\Users\wumingwuyou\AppData\Local\Temp\jna-164824110\jna15046235036475810980.dll
Event: 4.306 Loaded shared library C:\Users\wumingwuyou\.trae\extensions\redhat.java-1.50.0-win32-x64\jre\21.0.9-win32-x86_64\bin\management.dll
Event: 4.309 Loaded shared library C:\Users\wumingwuyou\.trae\extensions\redhat.java-1.50.0-win32-x64\jre\21.0.9-win32-x86_64\bin\management_ext.dll

Deoptimization events (20 events):
Event: 6.328 Thread 0x000001d165ba3690 DEOPT PACKING pc=0x000001d151fdc040 sp=0x000000ca4eafede0
Event: 6.328 Thread 0x000001d165ba3690 DEOPT UNPACKING pc=0x000001d1515b3aa2 sp=0x000000ca4eafede0 mode 2
Event: 6.328 Thread 0x000001d165ba3690 Uncommon trap: trap_request=0xffffff45 fr.pc=0x000001d151fe4234 relative=0x0000000000000354
Event: 6.328 Thread 0x000001d165ba3690 Uncommon trap: reason=unstable_if action=reinterpret pc=0x000001d151fe4234 method=java.nio.file.FileTreeWalker.getAttributes(Ljava/nio/file/Path;Z)Ljava/nio/file/attribute/BasicFileAttributes; @ 8 c2
Event: 6.328 Thread 0x000001d165ba3690 DEOPT PACKING pc=0x000001d151fe4234 sp=0x000000ca4eafeca0
Event: 6.328 Thread 0x000001d165ba3690 DEOPT UNPACKING pc=0x000001d1515b3aa2 sp=0x000000ca4eafec38 mode 2
Event: 6.329 Thread 0x000001d165ba3690 Uncommon trap: trap_request=0xffffffde fr.pc=0x000001d151fdc040 relative=0x00000000000018a0
Event: 6.329 Thread 0x000001d165ba3690 Uncommon trap: reason=class_check action=maybe_recompile pc=0x000001d151fdc040 method=java.nio.file.FileTreeWalker.next()Ljava/nio/file/FileTreeWalker$Event; @ 37 c2
Event: 6.329 Thread 0x000001d165ba3690 DEOPT PACKING pc=0x000001d151fdc040 sp=0x000000ca4eafede0
Event: 6.329 Thread 0x000001d165ba3690 DEOPT UNPACKING pc=0x000001d1515b3aa2 sp=0x000000ca4eafede0 mode 2
Event: 6.329 Thread 0x000001d165ba3690 Uncommon trap: trap_request=0xffffffde fr.pc=0x000001d151fdc040 relative=0x00000000000018a0
Event: 6.329 Thread 0x000001d165ba3690 Uncommon trap: reason=class_check action=maybe_recompile pc=0x000001d151fdc040 method=java.nio.file.FileTreeWalker.next()Ljava/nio/file/FileTreeWalker$Event; @ 37 c2
Event: 6.329 Thread 0x000001d165ba3690 DEOPT PACKING pc=0x000001d151fdc040 sp=0x000000ca4eafede0
Event: 6.329 Thread 0x000001d165ba3690 DEOPT UNPACKING pc=0x000001d1515b3aa2 sp=0x000000ca4eafede0 mode 2
Event: 6.329 Thread 0x000001d165ba3690 Uncommon trap: trap_request=0xffffffde fr.pc=0x000001d151fdc040 relative=0x00000000000018a0
Event: 6.329 Thread 0x000001d165ba3690 Uncommon trap: reason=class_check action=maybe_recompile pc=0x000001d151fdc040 method=java.nio.file.FileTreeWalker.next()Ljava/nio/file/FileTreeWalker$Event; @ 37 c2
Event: 6.330 Thread 0x000001d165ba3690 DEOPT PACKING pc=0x000001d151fdc040 sp=0x000000ca4eafede0
Event: 6.330 Thread 0x000001d165ba3690 DEOPT UNPACKING pc=0x000001d1515b3aa2 sp=0x000000ca4eafede0 mode 2
Event: 6.334 Thread 0x000001d165ba3690 DEOPT PACKING pc=0x000001d14ae91b4e sp=0x000000ca4eafe8b0
Event: 6.334 Thread 0x000001d165ba3690 DEOPT UNPACKING pc=0x000001d1515b4242 sp=0x000000ca4eafde30 mode 0

Classes loaded (20 events):
Event: 6.261 Loading class java/util/concurrent/CompletableFuture$AsynchronousCompletionTask done
Event: 6.261 Loading class java/util/concurrent/CompletableFuture$Completion done
Event: 6.267 Loading class jdk/internal/math/FormattedFPDecimal
Event: 6.267 Loading class jdk/internal/math/FormattedFPDecimal done
Event: 6.304 Loading class java/util/TreeMap$ValueSpliterator
Event: 6.305 Loading class java/util/TreeMap$TreeMapSpliterator
Event: 6.305 Loading class java/util/TreeMap$TreeMapSpliterator done
Event: 6.305 Loading class java/util/TreeMap$ValueSpliterator done
Event: 6.320 Loading class java/util/concurrent/CompletionException
Event: 6.320 Loading class java/util/concurrent/CompletionException done
Event: 6.326 Loading class java/nio/file/FileTreeWalker$1
Event: 6.326 Loading class java/nio/file/FileTreeWalker$1 done
Event: 6.327 Loading class sun/nio/fs/Globs
Event: 6.327 Loading class sun/nio/fs/Globs done
Event: 6.327 Loading class java/util/regex/Pattern$SliceU
Event: 6.328 Loading class java/util/regex/Pattern$SliceU done
Event: 6.328 Loading class sun/nio/fs/WindowsFileSystem$2
Event: 6.328 Loading class java/nio/file/PathMatcher
Event: 6.328 Loading class java/nio/file/PathMatcher done
Event: 6.328 Loading class sun/nio/fs/WindowsFileSystem$2 done

Classes unloaded (20 events):
Event: 3.552 Thread 0x000001d146faf910 Unloading class 0x000001d1011acc00 'java/lang/invoke/LambdaForm$MH+0x000001d1011acc00'
Event: 3.552 Thread 0x000001d146faf910 Unloading class 0x000001d1011ac800 'java/lang/invoke/LambdaForm$MH+0x000001d1011ac800'
Event: 3.552 Thread 0x000001d146faf910 Unloading class 0x000001d1011ac400 'java/lang/invoke/LambdaForm$MH+0x000001d1011ac400'
Event: 3.552 Thread 0x000001d146faf910 Unloading class 0x000001d1011ac000 'java/lang/invoke/LambdaForm$BMH+0x000001d1011ac000'
Event: 3.552 Thread 0x000001d146faf910 Unloading class 0x000001d1011abc00 'java/lang/invoke/LambdaForm$DMH+0x000001d1011abc00'
Event: 3.552 Thread 0x000001d146faf910 Unloading class 0x000001d1011aac00 'java/lang/invoke/LambdaForm$DMH+0x000001d1011aac00'
Event: 4.874 Thread 0x000001d146faf910 Unloading class 0x000001d10138ec00 'java/lang/invoke/LambdaForm$MH+0x000001d10138ec00'
Event: 4.874 Thread 0x000001d146faf910 Unloading class 0x000001d10138e400 'java/lang/invoke/LambdaForm$MH+0x000001d10138e400'
Event: 4.874 Thread 0x000001d146faf910 Unloading class 0x000001d10138d800 'java/lang/invoke/LambdaForm$MH+0x000001d10138d800'
Event: 4.874 Thread 0x000001d146faf910 Unloading class 0x000001d10138d000 'java/lang/invoke/LambdaForm$MH+0x000001d10138d000'
Event: 4.874 Thread 0x000001d146faf910 Unloading class 0x000001d10138cc00 'java/lang/invoke/LambdaForm$DMH+0x000001d10138cc00'
Event: 4.874 Thread 0x000001d146faf910 Unloading class 0x000001d10138c000 'java/lang/invoke/LambdaForm$MH+0x000001d10138c000'
Event: 4.874 Thread 0x000001d146faf910 Unloading class 0x000001d101388800 'java/lang/invoke/LambdaForm$MH+0x000001d101388800'
Event: 4.874 Thread 0x000001d146faf910 Unloading class 0x000001d101388000 'java/lang/invoke/LambdaForm$MH+0x000001d101388000'
Event: 4.874 Thread 0x000001d146faf910 Unloading class 0x000001d101387800 'java/lang/invoke/LambdaForm$MH+0x000001d101387800'
Event: 4.874 Thread 0x000001d146faf910 Unloading class 0x000001d101387000 'java/lang/invoke/LambdaForm$MH+0x000001d101387000'
Event: 4.874 Thread 0x000001d146faf910 Unloading class 0x000001d101386800 'java/lang/invoke/LambdaForm$MH+0x000001d101386800'
Event: 4.874 Thread 0x000001d146faf910 Unloading class 0x000001d101386000 'java/lang/invoke/LambdaForm$MH+0x000001d101386000'
Event: 4.874 Thread 0x000001d146faf910 Unloading class 0x000001d101385800 'java/lang/invoke/LambdaForm$MH+0x000001d101385800'
Event: 4.874 Thread 0x000001d146faf910 Unloading class 0x000001d101385400 'java/lang/invoke/LambdaForm$MH+0x000001d101385400'

Classes redefined (0 events):
No events

Internal exceptions (20 events):
Event: 6.415 Thread 0x000001d165ba3690 Exception <a 'sun/nio/fs/WindowsException'{0x00000000d5a7bb98}> (0x00000000d5a7bb98) 
thrown [s\src\hotspot\share\prims\jni.cpp, line 520]
Event: 6.415 Thread 0x000001d165ba3690 Exception <a 'sun/nio/fs/WindowsException'{0x00000000d5a7c3b0}> (0x00000000d5a7c3b0) 
thrown [s\src\hotspot\share\prims\jni.cpp, line 520]
Event: 6.416 Thread 0x000001d165ba3690 Exception <a 'sun/nio/fs/WindowsException'{0x00000000d5a7c958}> (0x00000000d5a7c958) 
thrown [s\src\hotspot\share\prims\jni.cpp, line 520]
Event: 6.416 Thread 0x000001d165ba3690 Exception <a 'sun/nio/fs/WindowsException'{0x00000000d5a7cf18}> (0x00000000d5a7cf18) 
thrown [s\src\hotspot\share\prims\jni.cpp, line 520]
Event: 6.416 Thread 0x000001d165ba3690 Exception <a 'sun/nio/fs/WindowsException'{0x00000000d5a81700}> (0x00000000d5a81700) 
thrown [s\src\hotspot\share\prims\jni.cpp, line 520]
Event: 6.416 Thread 0x000001d165ba3690 Exception <a 'sun/nio/fs/WindowsException'{0x00000000d5a81ca8}> (0x00000000d5a81ca8) 
thrown [s\src\hotspot\share\prims\jni.cpp, line 520]
Event: 6.416 Thread 0x000001d165ba3690 Exception <a 'sun/nio/fs/WindowsException'{0x00000000d5a82250}> (0x00000000d5a82250) 
thrown [s\src\hotspot\share\prims\jni.cpp, line 520]
Event: 6.416 Thread 0x000001d165ba3690 Exception <a 'sun/nio/fs/WindowsException'{0x00000000d5a82810}> (0x00000000d5a82810) 
thrown [s\src\hotspot\share\prims\jni.cpp, line 520]
Event: 6.417 Thread 0x000001d165ba3690 Exception <a 'sun/nio/fs/WindowsException'{0x00000000d5a86fd8}> (0x00000000d5a86fd8) 
thrown [s\src\hotspot\share\prims\jni.cpp, line 520]
Event: 6.417 Thread 0x000001d165ba3690 Exception <a 'sun/nio/fs/WindowsException'{0x00000000d5a87580}> (0x00000000d5a87580) 
thrown [s\src\hotspot\share\prims\jni.cpp, line 520]
Event: 6.417 Thread 0x000001d165ba3690 Exception <a 'sun/nio/fs/WindowsException'{0x00000000d5a87b28}> (0x00000000d5a87b28) 
thrown [s\src\hotspot\share\prims\jni.cpp, line 520]
Event: 6.417 Thread 0x000001d165ba3690 Exception <a 'sun/nio/fs/WindowsException'{0x00000000d5a880e8}> (0x00000000d5a880e8) 
thrown [s\src\hotspot\share\prims\jni.cpp, line 520]
Event: 6.418 Thread 0x000001d165ba3690 Exception <a 'sun/nio/fs/WindowsException'{0x00000000d5a8c650}> (0x00000000d5a8c650) 
thrown [s\src\hotspot\share\prims\jni.cpp, line 520]
Event: 6.418 Thread 0x000001d165ba3690 Exception <a 'sun/nio/fs/WindowsException'{0x00000000d5a8cbf8}> (0x00000000d5a8cbf8) 
thrown [s\src\hotspot\share\prims\jni.cpp, line 520]
Event: 6.418 Thread 0x000001d165ba3690 Exception <a 'sun/nio/fs/WindowsException'{0x00000000d5a8d1a0}> (0x00000000d5a8d1a0) 
thrown [s\src\hotspot\share\prims\jni.cpp, line 520]
Event: 6.418 Thread 0x000001d165ba3690 Exception <a 'sun/nio/fs/WindowsException'{0x00000000d5a8d760}> (0x00000000d5a8d760) 
thrown [s\src\hotspot\share\prims\jni.cpp, line 520]
Event: 6.419 Thread 0x000001d165ba3690 Exception <a 'sun/nio/fs/WindowsException'{0x00000000d5a921a0}> (0x00000000d5a921a0) 
thrown [s\src\hotspot\share\prims\jni.cpp, line 520]
Event: 6.419 Thread 0x000001d165ba3690 Exception <a 'sun/nio/fs/WindowsException'{0x00000000d5a92748}> (0x00000000d5a92748) 
thrown [s\src\hotspot\share\prims\jni.cpp, line 520]
Event: 6.419 Thread 0x000001d165ba3690 Exception <a 'sun/nio/fs/WindowsException'{0x00000000d5a92cf0}> (0x00000000d5a92cf0) 
thrown [s\src\hotspot\share\prims\jni.cpp, line 520]
Event: 6.419 Thread 0x000001d165ba3690 Exception <a 'sun/nio/fs/WindowsException'{0x00000000d5a932b0}> (0x00000000d5a932b0) 
thrown [s\src\hotspot\share\prims\jni.cpp, line 520]

ZGC Phase Switch (0 events):
No events

VM Operations (20 events):
Event: 5.756 Executing VM operation: HandshakeAllThreads (Deoptimize)
Event: 5.756 Executing VM operation: HandshakeAllThreads (Deoptimize) done
Event: 5.787 Executing VM operation: ParallelGCFailedAllocation (Allocation Failure)
Event: 5.787 Executing VM operation: ParallelGCFailedAllocation (Allocation Failure) done
Event: 5.787 Executing VM operation: ParallelGCSystemGC (GCLocker Initiated GC)
Event: 5.788 Executing VM operation: ParallelGCSystemGC (GCLocker Initiated GC) done
Event: 5.845 Executing VM operation: ParallelGCFailedAllocation (Allocation Failure)
Event: 5.847 Executing VM operation: ParallelGCFailedAllocation (Allocation Failure) done
Event: 5.852 Executing VM operation: HandshakeAllThreads (Deoptimize)
Event: 5.853 Executing VM operation: HandshakeAllThreads (Deoptimize) done
Event: 5.999 Executing VM operation: ParallelGCFailedAllocation (Allocation Failure)
Event: 6.000 Executing VM operation: ParallelGCFailedAllocation (Allocation Failure) done
Event: 6.019 Executing VM operation: HandshakeAllThreads (Deoptimize)
Event: 6.019 Executing VM operation: HandshakeAllThreads (Deoptimize) done
Event: 6.150 Executing VM operation: ParallelGCFailedAllocation (Allocation Failure)
Event: 6.151 Executing VM operation: ParallelGCFailedAllocation (Allocation Failure) done
Event: 6.199 Executing VM operation: HandshakeAllThreads (Deoptimize)
Event: 6.199 Executing VM operation: HandshakeAllThreads (Deoptimize) done
Event: 6.281 Executing VM operation: ParallelGCFailedAllocation (Allocation Failure)
Event: 6.283 Executing VM operation: ParallelGCFailedAllocation (Allocation Failure) done

Memory protections (0 events):
No events

Nmethod flushes (20 events):
Event: 4.888 Thread 0x000001d146faf910 flushing  nmethod 0x000001d14a86a390
Event: 4.888 Thread 0x000001d146faf910 flushing  nmethod 0x000001d14a8a3c90
Event: 4.888 Thread 0x000001d146faf910 flushing  nmethod 0x000001d14a8a4690
Event: 4.888 Thread 0x000001d146faf910 flushing  nmethod 0x000001d14a8bd390
Event: 4.888 Thread 0x000001d146faf910 flushing  nmethod 0x000001d14a8bd790
Event: 4.888 Thread 0x000001d146faf910 flushing  nmethod 0x000001d14a8be090
Event: 4.888 Thread 0x000001d146faf910 flushing  nmethod 0x000001d14a8bf290
Event: 4.888 Thread 0x000001d146faf910 flushing  nmethod 0x000001d14a8c0390
Event: 4.888 Thread 0x000001d146faf910 flushing  nmethod 0x000001d14a8c0b10
Event: 4.888 Thread 0x000001d146faf910 flushing  nmethod 0x000001d14a8c2090
Event: 4.888 Thread 0x000001d146faf910 flushing  nmethod 0x000001d14a8c2590
Event: 4.888 Thread 0x000001d146faf910 flushing  nmethod 0x000001d14a8c2e90
Event: 4.888 Thread 0x000001d146faf910 flushing  nmethod 0x000001d14a8c4810
Event: 4.888 Thread 0x000001d146faf910 flushing  nmethod 0x000001d14a8c6290
Event: 4.888 Thread 0x000001d146faf910 flushing  nmethod 0x000001d14a8c8010
Event: 4.888 Thread 0x000001d146faf910 flushing  nmethod 0x000001d14a90ba10
Event: 4.888 Thread 0x000001d146faf910 flushing  nmethod 0x000001d14a90d490
Event: 4.888 Thread 0x000001d146faf910 flushing  nmethod 0x000001d14a911790
Event: 4.888 Thread 0x000001d146faf910 flushing  nmethod 0x000001d14a933190
Event: 4.888 Thread 0x000001d146faf910 flushing  nmethod 0x000001d14a934210

Events (20 events):
Event: 4.910 Thread 0x000001d146f0ec30 Thread added: 0x000001d1691b1400
Event: 4.910 Thread 0x000001d146f0ec30 Thread added: 0x000001d1691b34d0
Event: 4.910 Thread 0x000001d146f0ec30 Thread added: 0x000001d1691b3b60
Event: 4.910 Thread 0x000001d146f0ec30 Thread added: 0x000001d1691b2e40
Event: 4.911 Thread 0x000001d146f0ec30 Thread added: 0x000001d1691b2120
Event: 4.911 Thread 0x000001d146f0ec30 Thread added: 0x000001d1691b41f0
Event: 4.911 Thread 0x000001d146f0ec30 Thread added: 0x000001d1691b0d70
Event: 4.911 Thread 0x000001d146f0ec30 Thread added: 0x000001d1691b4880
Event: 4.911 Thread 0x000001d146f0ec30 Thread added: 0x000001d1691b4f10
Event: 4.911 Thread 0x000001d146f0ec30 Thread added: 0x000001d1691b1a90
Event: 4.911 Thread 0x000001d146f0ec30 Thread added: 0x000001d1691b8390
Event: 4.911 Thread 0x000001d146f0ec30 Thread added: 0x000001d1691b7670
Event: 4.911 Thread 0x000001d146f0ec30 Thread added: 0x000001d1691b6fe0
Event: 4.911 Thread 0x000001d146f0ec30 Thread added: 0x000001d1691b55a0
Event: 4.958 Thread 0x000001d146f0ec30 Thread added: 0x000001d1691b7d00
Event: 5.137 Thread 0x000001d146f0ec30 Thread added: 0x000001d1691b5c30
Event: 5.137 Thread 0x000001d146f0ec30 Thread added: 0x000001d1691b62c0
Event: 6.173 Thread 0x000001d165ba1c50 Thread added: 0x000001d1694d30d0
Event: 6.174 Thread 0x000001d1694d30d0 Thread added: 0x000001d1694d3760
Event: 6.174 Thread 0x000001d1694d3760 Thread added: 0x000001d1694d4480


Dynamic libraries:
0x00007ff7d5670000 - 0x00007ff7d567e000 	c:\Users\wumingwuyou\.trae\extensions\redhat.java-1.50.0-win32-x64\jre\21.0.9-win32-x86_64\bin\java.exe
0x00007fff37ae0000 - 0x00007fff37d47000 	C:\WINDOWS\SYSTEM32\ntdll.dll
0x00007fff36c90000 - 0x00007fff36d59000 	C:\WINDOWS\System32\KERNEL32.DLL
0x00007fff35070000 - 0x00007fff3545f000 	C:\WINDOWS\System32\KERNELBASE.dll
0x00007fff35670000 - 0x00007fff357bb000 	C:\WINDOWS\System32\ucrtbase.dll
0x00007fff1e890000 - 0x00007fff1e8ae000 	c:\Users\wumingwuyou\.trae\extensions\redhat.java-1.50.0-win32-x64\jre\21.0.9-win32-x86_64\bin\VCRUNTIME140.dll
0x00007fff1e920000 - 0x00007fff1e938000 	c:\Users\wumingwuyou\.trae\extensions\redhat.java-1.50.0-win32-x64\jre\21.0.9-win32-x86_64\bin\jli.dll
0x00007fff35880000 - 0x00007fff35a45000 	C:\WINDOWS\System32\USER32.dll
0x00007fff20ab0000 - 0x00007fff20d43000 	C:\WINDOWS\WinSxS\amd64_microsoft.windows.common-controls_6595b64144ccf1df_6.0.26100.7309_none_3e05feeae336a044\COMCTL32.dll
0x00007fff34c30000 - 0x00007fff34c57000 	C:\WINDOWS\System32\win32u.dll
0x00007fff37990000 - 0x00007fff379bb000 	C:\WINDOWS\System32\GDI32.dll
0x00007fff36b20000 - 0x00007fff36bc9000 	C:\WINDOWS\System32\msvcrt.dll
0x00007fff34dc0000 - 0x00007fff34eec000 	C:\WINDOWS\System32\gdi32full.dll
0x00007fff34c60000 - 0x00007fff34d03000 	C:\WINDOWS\System32\msvcp_win.dll
0x00007fff35a50000 - 0x00007fff35a81000 	C:\WINDOWS\System32\IMM32.DLL
0x00007fff273f0000 - 0x00007fff273fc000 	c:\Users\wumingwuyou\.trae\extensions\redhat.java-1.50.0-win32-x64\jre\21.0.9-win32-x86_64\bin\vcruntime140_1.dll
0x00007ffee95e0000 - 0x00007ffee966d000 	c:\Users\wumingwuyou\.trae\extensions\redhat.java-1.50.0-win32-x64\jre\21.0.9-win32-x86_64\bin\msvcp140.dll
0x00007ffebcaf0000 - 0x00007ffebd890000 	c:\Users\wumingwuyou\.trae\extensions\redhat.java-1.50.0-win32-x64\jre\21.0.9-win32-x86_64\bin\server\jvm.dll
0x00007fff36bd0000 - 0x00007fff36c84000 	C:\WINDOWS\System32\ADVAPI32.dll
0x00007fff35c10000 - 0x00007fff35cb6000 	C:\WINDOWS\System32\sechost.dll
0x00007fff37180000 - 0x00007fff37298000 	C:\WINDOWS\System32\RPCRT4.dll
0x00007fff372a0000 - 0x00007fff37314000 	C:\WINDOWS\System32\WS2_32.dll
0x00007fff34a90000 - 0x00007fff34aee000 	C:\WINDOWS\SYSTEM32\POWRPROF.dll
0x00007fff2c160000 - 0x00007fff2c195000 	C:\WINDOWS\SYSTEM32\WINMM.dll
0x00007fff2cc00000 - 0x00007fff2cc0b000 	C:\WINDOWS\SYSTEM32\VERSION.dll
0x00007fff34a70000 - 0x00007fff34a84000 	C:\WINDOWS\SYSTEM32\UMPDC.dll
0x00007fff339e0000 - 0x00007fff339fb000 	C:\WINDOWS\SYSTEM32\kernel.appcore.dll
0x00007fff19c00000 - 0x00007fff19c0a000 	c:\Users\wumingwuyou\.trae\extensions\redhat.java-1.50.0-win32-x64\jre\21.0.9-win32-x86_64\bin\jimage.dll
0x00007fff32210000 - 0x00007fff32452000 	C:\WINDOWS\SYSTEM32\DBGHELP.DLL
0x00007fff36df0000 - 0x00007fff37175000 	C:\WINDOWS\System32\combase.dll
0x00007fff37820000 - 0x00007fff378f6000 	C:\WINDOWS\System32\OLEAUT32.dll
0x00007fff1ebb0000 - 0x00007fff1ebec000 	C:\WINDOWS\SYSTEM32\dbgcore.DLL
0x00007fff34d10000 - 0x00007fff34db5000 	C:\WINDOWS\System32\bcryptPrimitives.dll
0x00007fff274e0000 - 0x00007fff274ef000 	c:\Users\wumingwuyou\.trae\extensions\redhat.java-1.50.0-win32-x64\jre\21.0.9-win32-x86_64\bin\instrument.dll
0x00007fff10270000 - 0x00007fff10290000 	c:\Users\wumingwuyou\.trae\extensions\redhat.java-1.50.0-win32-x64\jre\21.0.9-win32-x86_64\bin\java.dll
0x00007fff35cc0000 - 0x00007fff36413000 	C:\WINDOWS\System32\SHELL32.dll
0x00007fff35470000 - 0x00007fff355da000 	C:\WINDOWS\System32\wintypes.dll
0x00007fff32870000 - 0x00007fff330ce000 	C:\WINDOWS\SYSTEM32\windows.storage.dll
0x00007fff36500000 - 0x00007fff365f5000 	C:\WINDOWS\System32\SHCORE.dll
0x00007fff37320000 - 0x00007fff37386000 	C:\WINDOWS\System32\shlwapi.dll
0x00007fff34b50000 - 0x00007fff34b79000 	C:\WINDOWS\SYSTEM32\profapi.dll
0x00007fff101f0000 - 0x00007fff10208000 	c:\Users\wumingwuyou\.trae\extensions\redhat.java-1.50.0-win32-x64\jre\21.0.9-win32-x86_64\bin\zip.dll
0x00007fff10260000 - 0x00007fff10270000 	C:\Users\wumingwuyou\.trae\extensions\redhat.java-1.50.0-win32-x64\jre\21.0.9-win32-x86_64\bin\net.dll
0x00007fff29590000 - 0x00007fff296b8000 	C:\WINDOWS\SYSTEM32\WINHTTP.dll
0x00007fff33f50000 - 0x00007fff33fbb000 	C:\WINDOWS\system32\mswsock.dll
0x00007fff10080000 - 0x00007fff10096000 	C:\Users\wumingwuyou\.trae\extensions\redhat.java-1.50.0-win32-x64\jre\21.0.9-win32-x86_64\bin\nio.dll
0x00007fff10190000 - 0x00007fff101a0000 	c:\Users\wumingwuyou\.trae\extensions\redhat.java-1.50.0-win32-x64\jre\21.0.9-win32-x86_64\bin\verify.dll
0x00007fff0f6e0000 - 0x00007fff0f724000 	C:\Users\wumingwuyou\AppData\Roaming\Trae\User\globalStorage\redhat.java\1.50.0\config_win\org.eclipse.equinox.launcher\org.eclipse.equinox.launcher.win32.win32.x86_64_1.2.1400.v20250801-0854\eclipse_11916.dll
0x00007fff367a0000 - 0x00007fff36937000 	C:\WINDOWS\System32\ole32.dll
0x00007fff34210000 - 0x00007fff3422b000 	C:\WINDOWS\SYSTEM32\CRYPTSP.dll
0x00007fff33940000 - 0x00007fff3397a000 	C:\WINDOWS\system32\rsaenh.dll
0x00007fff34000000 - 0x00007fff3402b000 	C:\WINDOWS\SYSTEM32\USERENV.dll
0x00007fff34b20000 - 0x00007fff34b4a000 	C:\WINDOWS\SYSTEM32\bcrypt.dll
0x00007fff34230000 - 0x00007fff3423c000 	C:\WINDOWS\SYSTEM32\CRYPTBASE.dll
0x00007fff33440000 - 0x00007fff33474000 	C:\WINDOWS\SYSTEM32\IPHLPAPI.DLL
0x00007fff37a90000 - 0x00007fff37a9a000 	C:\WINDOWS\System32\NSI.dll
0x00007ffee9590000 - 0x00007ffee95d9000 	C:\Users\wumingwuyou\AppData\Local\Temp\jna-164824110\jna15046235036475810980.dll
0x00007fff35c00000 - 0x00007fff35c08000 	C:\WINDOWS\System32\PSAPI.DLL
0x00007fff100e0000 - 0x00007fff100ea000 	C:\Users\wumingwuyou\.trae\extensions\redhat.java-1.50.0-win32-x64\jre\21.0.9-win32-x86_64\bin\management.dll
0x00007fff0ff30000 - 0x00007fff0ff3c000 	C:\Users\wumingwuyou\.trae\extensions\redhat.java-1.50.0-win32-x64\jre\21.0.9-win32-x86_64\bin\management_ext.dll
0x00007fff2b770000 - 0x00007fff2b78e000 	C:\WINDOWS\SYSTEM32\dhcpcsvc6.DLL
0x00007fff28bf0000 - 0x00007fff28c13000 	C:\WINDOWS\SYSTEM32\dhcpcsvc.DLL

JVMTI agents:
c:\Users\wumingwuyou\.trae\extensions\redhat.java-1.50.0-win32-x64\lombok\lombok-1.18.39-4050.jar path:c:\Users\wumingwuyou\.trae\extensions\redhat.java-1.50.0-win32-x64\jre\21.0.9-win32-x86_64\bin\instrument.dll, loaded, initialized, instrumentlib options:none

dbghelp: loaded successfully - version: 4.0.5 - missing functions: none
symbol engine: initialized successfully - sym options: 0x614 - pdb path: .;c:\Users\wumingwuyou\.trae\extensions\redhat.java-1.50.0-win32-x64\jre\21.0.9-win32-x86_64\bin;C:\WINDOWS\SYSTEM32;C:\WINDOWS\WinSxS\amd64_microsoft.windows.common-controls_6595b64144ccf1df_6.0.26100.7309_none_3e05feeae336a044;c:\Users\wumingwuyou\.trae\extensions\redhat.java-1.50.0-win32-x64\jre\21.0.9-win32-x86_64\bin\server;C:\Users\wumingwuyou\AppData\Roaming\Trae\User\globalStorage\redhat.java\1.50.0\config_win\org.eclipse.equinox.launcher\org.eclipse.equinox.launcher.win32.win32.x86_64_1.2.1400.v20250801-0854;C:\Users\wumingwuyou\AppData\Local\Temp\jna-164824110

VM Arguments:
jvm_args: --add-modules=ALL-SYSTEM --add-opens=java.base/java.util=ALL-UNNAMED --add-opens=java.base/java.lang=ALL-UNNAMED --add-opens=java.base/sun.nio.fs=ALL-UNNAMED -Declipse.application=org.eclipse.jdt.ls.core.id1 -Dosgi.bundles.defaultStartLevel=4 -Declipse.product=org.eclipse.jdt.ls.core.product -Djava.import.generatesMetadataFilesAtProjectRoot=false -DDetectVMInstallationsJob.disabled=true -Dfile.encoding=utf8 -XX:+UseParallelGC -XX:GCTimeRatio=4 -XX:AdaptiveSizePolicyWeight=90 -Dsun.zip.disableMemoryMapping=true -Xmx2G -Xms100m -Xlog:disable -javaagent:c:\Users\wumingwuyou\.trae\extensions\redhat.java-1.50.0-win32-x64\lombok\lombok-1.18.39-4050.jar -XX:+HeapDumpOnOutOfMemoryError -XX:HeapDumpPath=c:\Users\wumingwuyou\AppData\Roaming\Trae\User\workspaceStorage\c5366f6109dbbb1bbae8e1165cba1d81\redhat.java -Daether.dependencyCollector.impl=bf 
java_command: c:\Users\wumingwuyou\.trae\extensions\redhat.java-1.50.0-win32-x64\server\plugins\org.eclipse.equinox.launcher_1.7.100.v20251111-0406.jar -configuration c:\Users\wumingwuyou\AppData\Roaming\Trae\User\globalStorage\redhat.java\1.50.0\config_win -data c:\Users\wumingwuyou\AppData\Roaming\Trae\User\workspaceStorage\c5366f6109dbbb1bbae8e1165cba1d81\redhat.java\jdt_ws --pipe=\\.\pipe\lsp-ddd1dc36df3ae46c0c6f1e925f15530a-sock
java_class_path (initial): c:\Users\wumingwuyou\.trae\extensions\redhat.java-1.50.0-win32-x64\server\plugins\org.eclipse.equinox.launcher_1.7.100.v20251111-0406.jar
Launcher Type: SUN_STANDARD

[Global flags]
    uintx AdaptiveSizePolicyWeight                 = 90                                        {product} {command line}
     intx CICompilerCount                          = 12                                        {product} {ergonomic}
    uintx GCTimeRatio                              = 4                                         {product} {command line}
     bool HeapDumpOnOutOfMemoryError               = true                                   {manageable} {command line}
    ccstr HeapDumpPath                             = c:\Users\wumingwuyou\AppData\Roaming\Trae\User\workspaceStorage\c5366f6109dbbb1bbae8e1165cba1d81\redhat.java         {manageable} {command line}
   size_t InitialHeapSize                          = 104857600                                 {product} {command line}
   size_t MaxHeapSize                              = 2147483648                                {product} {command line}
   size_t MaxNewSize                               = 715653120                                 {product} {ergonomic}
   size_t MinHeapDeltaBytes                        = 524288                                    {product} {ergonomic}
   size_t MinHeapSize                              = 104857600                                 {product} {command line}
   size_t NewSize                                  = 34603008                                  {product} {ergonomic}
    uintx NonNMethodCodeHeapSize                   = 7602480                                {pd product} {ergonomic}
    uintx NonProfiledCodeHeapSize                  = 122027880                              {pd product} {ergonomic}
   size_t OldSize                                  = 70254592                                  {product} {ergonomic}
    uintx ProfiledCodeHeapSize                     = 122027880                              {pd product} {ergonomic}
    uintx ReservedCodeCacheSize                    = 251658240                              {pd product} {ergonomic}
     bool SegmentedCodeCache                       = true                                      {product} {ergonomic}
   size_t SoftMaxHeapSize                          = 2147483648                             {manageable} {ergonomic}
     bool UseCompressedOops                        = true                           {product lp64_product} {ergonomic}
     bool UseLargePagesIndividualAllocation        = false                                  {pd product} {ergonomic}
     bool UseParallelGC                            = true                                      {product} {command line}

Logging:
Log output configuration:
 #0: stdout all=off uptime,level,tags foldmultilines=false
 #1: stderr all=off uptime,level,tags foldmultilines=false

Release file:
JAVA_VERSION="21.0.9" 
MODULES="java.base java.compiler java.datatransfer java.xml java.prefs java.desktop java.instrument java.logging java.management java.security.sasl java.naming java.rmi java.management.rmi java.net.http java.scripting java.security.jgss java.transaction.xa java.sql java.sql.rowset java.xml.crypto java.se java.smartcardio jdk.accessibility jdk.internal.jvmstat jdk.attach jdk.charsets jdk.internal.opt jdk.zipfs jdk.compiler jdk.crypto.ec jdk.crypto.cryptoki jdk.crypto.mscapi jdk.dynalink jdk.internal.ed jdk.editpad jdk.hotspot.agent jdk.httpserver jdk.internal.le jdk.internal.vm.ci jdk.internal.vm.compiler jdk.internal.vm.compiler.management jdk.jartool jdk.javadoc jdk.jcmd jdk.management jdk.management.agent jdk.jconsole jdk.jdeps jdk.jdwp.agent jdk.jdi jdk.jfr jdk.jshell jdk.jsobject jdk.jstatd jdk.localedata jdk.management.jfr jdk.naming.dns jdk.naming.rmi jdk.net jdk.nio.mapmode jdk.random jdk.sctp jdk.security.auth jdk.security.jgss jdk.unsupported jdk.unsupported.desktop jdk.xml.dom" 

Environment Variables:
JAVA_HOME=C:\Program Files\Java\jdk-17
PATH=C:\Program Files\Java\jdk-17\bin;C:\Program Files\Java\jdk-17\bin;D:\Program Files (x86)\VMware\VMware Workstation\bin\;C:\WINDOWS\system32;C:\WINDOWS;C:\WINDOWS\System32\Wbem;C:\WINDOWS\System32\WindowsPowerShell\v1.0\;C:\WINDOWS\System32\OpenSSH\;C:\Program Files\dotnet\;D:\Windows Kits\10\Windows Performance Toolkit\;D:\Program Files (x86)\Tencent\微信web开发者工具\dll;D:\Android\SDK\platform-tools;D:\Android\SDK\emulator;D:\Android\SDK\tools;D:\Android\SDK\tools\bin;C:\Users\wumingwuyou\AppData\Local\Programs\Python\Launcher\;C:\Users\wumingwuyou\AppData\Local\Microsoft\WindowsApps;D:\Microsoft VS Code\bin;D:\Program Files\JetBrains\IntelliJ IDEA Community Edition 2025.2.3\bin;C:\Users\wumingwuyou\.dotnet\tools;C:\Users\wumingwuyou\AppData\Roaming\npm;D:\Program Files\Git\cmd;C:\Users\wumingwuyou\AppData\Local\Programs\Python\Python312;C:\Users\wumingwuyou\AppData\Local\Programs\Python\Python312\Scripts;C:\Program Files\MySQL\MySQL Server 8.0\bin;D:\Users\wumingwuyou\AppData\Local\nvm;D:\nvm4w\nodejs;C:\Program Files\MySQL\MySQL Server 8.0\bin;C:\Program Files\Java\jdk-17\bin;C:\Program Files\Java\jdk-17\bin;D:\Program Files (x86)\VMware\VMware Workstation\bin\;C:\WINDOWS\system32;C:\WINDOWS;C:\WINDOWS\System32\Wbem;C:\WINDOWS\System32\WindowsPowerShell\v1.0\;C:\WINDOWS\System32\OpenSSH\;C:\Program Files\dotnet\;D:\Windows Kits\10\Windows Performance Toolkit\;D:\Program Files (x86)\Tencent\微信web开发者工具\dll;D:\Android\SDK\platform-tools;D:\Android\SDK\emulator;D:\Android\SDK\tools;D:\Android\SDK\tools\bin;C:\Users\wumingwuyou\AppData\Local\Programs\Python\Launcher\;C:\Users\wumingwuyou\AppData\Local\Microsoft\WindowsApps;D:\Microsoft VS Code\bin;D:\Program Files\JetBrains\IntelliJ IDEA Community Edition 2025.2.3\bin;C:\Users\wumingwuyou\.dotnet\tools;C:\Users\wumingwuyou\AppData\Roaming\npm;D:\Program Files\Git\cmd;C:\Users\wumingwuyou\AppData\Local\Programs\Python\Python312;C:\Users\wumingwuyou\AppData\Local\Programs\Python\Python312\Scripts;C:\Program Files\MySQL\MySQL Server 8.0\b;D:\Users\wumingwuyou\AppData\Local\nvm;D:\nvm4w\nodejs;d:\Users\wumingwuyou\AppData\Local\Programs\Trae\resources\app\bin\lib
USERNAME=wumingwuyou
OS=Windows_NT
PROCESSOR_IDENTIFIER=AMD64 Family 25 Model 68 Stepping 1, AuthenticAMD
TMP=C:\Users\WUMING~1\AppData\Local\Temp
TEMP=C:\Users\WUMING~1\AppData\Local\Temp




Periodic native trim disabled

---------------  S Y S T E M  ---------------

OS:
 Windows 11 , 64 bit Build 26100 (10.0.26100.7309)
OS uptime: 7 days 17:47 hours

CPU: total 16 (initial active 16) (16 cores per cpu, 2 threads per core) family 25 model 68 stepping 1 microcode 0xa404102, cx8, cmov, fxsr, ht, mmx, 3dnowpref, sse, sse2, sse3, ssse3, sse4a, sse4.1, sse4.2, popcnt, lzcnt, tsc, tscinvbit, avx, avx2, aes, erms, clmul, bmi1, bmi2, adx, sha, fma, vzeroupper, clflush, clflushopt, rdtscp, rdpid, fsrm, f16c, pku, cet_ss
Processor Information for the first 16 processors :
  Max Mhz: 3201, Current Mhz: 3201, Mhz Limit: 3201

Memory: 4k page, system-wide physical 15613M (701M free)
TotalPageFile size 41213M (AvailPageFile size 7M)
current process WorkingSet (physical memory assigned to process): 274M, peak: 275M
current process commit charge ("private bytes"): 378M, peak: 379M

vm_info: OpenJDK 64-Bit Server VM (21.0.9+10-LTS) for windows-amd64 JRE (21.0.9+10-LTS), built on 2025-10-21T00:00:00Z by "admin" with unknown MS VC++:1942

END.
